[    0.000000] Linux version 4.15.0-thor_kernel-00079-gef7f8cec80a0-dirty (root@chuang) (gcc version 6.2.0 (GCC)) #1 SMP Thu Jan 18 11:41:56 CET 2018
[    0.000000] Command line: BOOT_IMAGE=/vmlinuz-littlepenguin root=/dev/sda2 ro
[    0.000000] x86/fpu: Supporting XSAVE feature 0x001: 'x87 floating point registers'
[    0.000000] x86/fpu: Supporting XSAVE feature 0x002: 'SSE registers'
[    0.000000] x86/fpu: Supporting XSAVE feature 0x004: 'AVX registers'
[    0.000000] x86/fpu: xstate_offset[2]:  576, xstate_sizes[2]:  256
[    0.000000] x86/fpu: Enabled xstate features 0x7, context size is 832 bytes, using 'standard' format.
[    0.000000] e820: BIOS-provided physical RAM map:
[    0.000000] BIOS-e820: [mem 0x0000000000000000-0x000000000009fbff] usable
[    0.000000] BIOS-e820: [mem 0x000000000009fc00-0x000000000009ffff] reserved
[    0.000000] BIOS-e820: [mem 0x00000000000f0000-0x00000000000fffff] reserved
[    0.000000] BIOS-e820: [mem 0x0000000000100000-0x000000003ffeffff] usable
[    0.000000] BIOS-e820: [mem 0x000000003fff0000-0x000000003fffffff] ACPI data
[    0.000000] BIOS-e820: [mem 0x00000000fec00000-0x00000000fec00fff] reserved
[    0.000000] BIOS-e820: [mem 0x00000000fee00000-0x00000000fee00fff] reserved
[    0.000000] BIOS-e820: [mem 0x00000000fffc0000-0x00000000ffffffff] reserved
[    0.000000] NX (Execute Disable) protection: active
[    0.000000] random: fast init done
[    0.000000] SMBIOS 2.5 present.
[    0.000000] DMI: innotek GmbH VirtualBox/VirtualBox, BIOS VirtualBox 12/01/2006
[    0.000000] e820: update [mem 0x00000000-0x00000fff] usable ==> reserved
[    0.000000] e820: remove [mem 0x000a0000-0x000fffff] usable
[    0.000000] e820: last_pfn = 0x3fff0 max_arch_pfn = 0x400000000
[    0.000000] MTRR default type: uncachable
[    0.000000] MTRR variable ranges disabled:
[    0.000000] MTRR: Disabled
[    0.000000] x86/PAT: MTRRs disabled, skipping PAT initialization too.
[    0.000000] CPU MTRRs all blank - virtualized system.
[    0.000000] x86/PAT: Configuration [0-7]: WB  WT  UC- UC  WB  WT  UC- UC  
[    0.000000] found SMP MP-table at [mem 0x0009fff0-0x0009ffff] mapped at [        (ptrval)]
[    0.000000] Scanning 1 areas for low memory corruption
[    0.000000] Base memory trampoline at [        (ptrval)] 99000 size 24576
[    0.000000] BRK [0x02916000, 0x02916fff] PGTABLE
[    0.000000] BRK [0x02917000, 0x02917fff] PGTABLE
[    0.000000] BRK [0x02918000, 0x02918fff] PGTABLE
[    0.000000] BRK [0x02919000, 0x02919fff] PGTABLE
[    0.000000] ACPI: Early table checksum verification disabled
[    0.000000] ACPI: RSDP 0x00000000000E0000 000024 (v02 VBOX  )
[    0.000000] ACPI: XSDT 0x000000003FFF0030 00003C (v01 VBOX   VBOXXSDT 00000001 ASL  00000061)
[    0.000000] ACPI: FACP 0x000000003FFF00F0 0000F4 (v04 VBOX   VBOXFACP 00000001 ASL  00000061)
[    0.000000] ACPI: DSDT 0x000000003FFF0470 0021FF (v02 VBOX   VBOXBIOS 00000002 INTL 20100528)
[    0.000000] ACPI: FACS 0x000000003FFF0200 000040
[    0.000000] ACPI: FACS 0x000000003FFF0200 000040
[    0.000000] ACPI: APIC 0x000000003FFF0240 000054 (v02 VBOX   VBOXAPIC 00000001 ASL  00000061)
[    0.000000] ACPI: SSDT 0x000000003FFF02A0 0001CC (v01 VBOX   VBOXCPUT 00000002 INTL 20100528)
[    0.000000] ACPI: Local APIC address 0xfee00000
[    0.000000] No NUMA configuration found
[    0.000000] Faking a node at [mem 0x0000000000000000-0x000000003ffeffff]
[    0.000000] NODE_DATA(0) allocated [mem 0x3ffec000-0x3ffeffff]
[    0.000000] tsc: Fast TSC calibration using PIT
[    0.000000] Zone ranges:
[    0.000000]   DMA      [mem 0x0000000000001000-0x0000000000ffffff]
[    0.000000]   DMA32    [mem 0x0000000001000000-0x000000003ffeffff]
[    0.000000]   Normal   empty
[    0.000000] Movable zone start for each node
[    0.000000] Early memory node ranges
[    0.000000]   node   0: [mem 0x0000000000001000-0x000000000009efff]
[    0.000000]   node   0: [mem 0x0000000000100000-0x000000003ffeffff]
[    0.000000] Initmem setup node 0 [mem 0x0000000000001000-0x000000003ffeffff]
[    0.000000] On node 0 totalpages: 262030
[    0.000000]   DMA zone: 64 pages used for memmap
[    0.000000]   DMA zone: 21 pages reserved
[    0.000000]   DMA zone: 3998 pages, LIFO batch:0
[    0.000000]   DMA32 zone: 4032 pages used for memmap
[    0.000000]   DMA32 zone: 258032 pages, LIFO batch:31
[    0.000000] Reserved but unavailable: 98 pages
[    0.000000] ACPI: PM-Timer IO Port: 0x4008
[    0.000000] ACPI: Local APIC address 0xfee00000
[    0.000000] IOAPIC[0]: apic_id 1, version 32, address 0xfec00000, GSI 0-23
[    0.000000] ACPI: INT_SRC_OVR (bus 0 bus_irq 0 global_irq 2 dfl dfl)
[    0.000000] ACPI: INT_SRC_OVR (bus 0 bus_irq 9 global_irq 9 low level)
[    0.000000] ACPI: IRQ0 used by override.
[    0.000000] ACPI: IRQ9 used by override.
[    0.000000] Using ACPI (MADT) for SMP configuration information
[    0.000000] smpboot: Allowing 1 CPUs, 0 hotplug CPUs
[    0.000000] PM: Registered nosave memory: [mem 0x00000000-0x00000fff]
[    0.000000] PM: Registered nosave memory: [mem 0x0009f000-0x0009ffff]
[    0.000000] PM: Registered nosave memory: [mem 0x000a0000-0x000effff]
[    0.000000] PM: Registered nosave memory: [mem 0x000f0000-0x000fffff]
[    0.000000] e820: [mem 0x40000000-0xfebfffff] available for PCI devices
[    0.000000] clocksource: refined-jiffies: mask: 0xffffffff max_cycles: 0xffffffff, max_idle_ns: 1910969940391419 ns
[    0.000000] setup_percpu: NR_CPUS:64 nr_cpumask_bits:64 nr_cpu_ids:1 nr_node_ids:1
[    0.000000] percpu: Embedded 43 pages/cpu @        (ptrval) s137368 r8192 d30568 u2097152
[    0.000000] pcpu-alloc: s137368 r8192 d30568 u2097152 alloc=1*2097152
[    0.000000] pcpu-alloc: [0] 0 
[    0.000000] Built 1 zonelists, mobility grouping on.  Total pages: 257913
[    0.000000] Policy zone: DMA32
[    0.000000] Kernel command line: BOOT_IMAGE=/vmlinuz-littlepenguin root=/dev/sda2 ro
[    0.000000] Calgary: detecting Calgary via BIOS EBDA area
[    0.000000] Calgary: Unable to locate Rio Grande table in EBDA - bailing!
[    0.000000] Memory: 1005696K/1048120K available (12300K kernel code, 1265K rwdata, 3008K rodata, 1204K init, 664K bss, 42424K reserved, 0K cma-reserved)
[    0.000000] SLUB: HWalign=64, Order=0-3, MinObjects=0, CPUs=1, Nodes=1
[    0.000000] Kernel/User page tables isolation: enabled
[    0.000000] Hierarchical RCU implementation.
[    0.000000] 	RCU restricting CPUs from NR_CPUS=64 to nr_cpu_ids=1.
[    0.000000] RCU: Adjusting geometry for rcu_fanout_leaf=16, nr_cpu_ids=1
[    0.000000] NR_IRQS: 4352, nr_irqs: 256, preallocated irqs: 16
[    0.000000] Console: colour VGA+ 80x25
[    0.000000] console [tty0] enabled
[    0.000000] ACPI: Core revision 20170831
[    0.000000] ACPI: 2 ACPI AML tables successfully acquired and loaded
[    0.000000] APIC: Switch to symmetric I/O mode setup
[    0.000000] ..TIMER: vector=0x30 apic1=0 pin1=2 apic2=-1 pin2=-1
[    0.006000] tsc: Fast TSC calibration failed
[    0.010000] tsc: Unable to calibrate against PIT
[    0.010000] tsc: using PMTIMER reference calibration
[    0.010000] tsc: Detected 2893.360 MHz processor
[    0.011000] Calibrating delay loop (skipped), value calculated using timer frequency.. 5786.72 BogoMIPS (lpj=2893360)
[    0.011000] pid_max: default: 32768 minimum: 301
[    0.012000] Security Framework initialized
[    0.012239] SELinux:  Initializing.
[    0.012546] SELinux:  Starting in permissive mode
[    0.012660] Dentry cache hash table entries: 131072 (order: 8, 1048576 bytes)
[    0.014019] Inode-cache hash table entries: 65536 (order: 7, 524288 bytes)
[    0.014520] Mount-cache hash table entries: 2048 (order: 2, 16384 bytes)
[    0.014930] Mountpoint-cache hash table entries: 2048 (order: 2, 16384 bytes)
[    0.016000] CPU: Physical Processor ID: 0
[    0.016236] mce: CPU supports 0 MCE banks
[    0.016610] process: using mwait in idle threads
[    0.017006] Last level iTLB entries: 4KB 512, 2MB 8, 4MB 8
[    0.017422] Last level dTLB entries: 4KB 512, 2MB 32, 4MB 32, 1GB 0
[    0.032731] Freeing SMP alternatives memory: 36K
[    0.034000] smpboot: CPU0: Intel(R) Core(TM) i5-3470S CPU @ 2.90GHz (family: 0x6, model: 0x3a, stepping: 0x9)
[    0.034000] Performance Events: unsupported p6 CPU model 58 no PMU driver, software events only.
[    0.034000] Hierarchical SRCU implementation.
[    0.034215] smp: Bringing up secondary CPUs ...
[    0.034504] smp: Brought up 1 node, 1 CPU
[    0.035002] smpboot: Max logical packages: 1
[    0.035280] smpboot: Total of 1 processors activated (5786.72 BogoMIPS)
[    0.035712] devtmpfs: initialized
[    0.036133] clocksource: jiffies: mask: 0xffffffff max_cycles: 0xffffffff, max_idle_ns: 1911260446275000 ns
[    0.036606] futex hash table entries: 256 (order: 2, 16384 bytes)
[    0.036971] RTC time: 13:00:32, date: 01/18/18
[    0.037066] NET: Registered protocol family 16
[    0.037403] audit: initializing netlink subsys (disabled)
[    0.037777] cpuidle: using governor menu
[    0.038029] ACPI: bus type PCI registered
[    0.038417] PCI: Using configuration type 1 for base access
[    0.040678] audit: type=2000 audit(1516280432.037:1): state=initialized audit_enabled=0 res=1
[    0.041044] HugeTLB registered 2.00 MiB page size, pre-allocated 0 pages
[    0.041513] ACPI: Added _OSI(Module Device)
[    0.041876] ACPI: Added _OSI(Processor Device)
[    0.042009] ACPI: Added _OSI(3.0 _SCP Extensions)
[    0.042340] ACPI: Added _OSI(Processor Aggregator Device)
[    0.043271] ACPI: Executed 1 blocks of module-level executable AML code
[    0.045361] ACPI: Interpreter enabled
[    0.045668] ACPI: (supports S0 S5)
[    0.045952] ACPI: Using IOAPIC for interrupt routing
[    0.046118] PCI: Using host bridge windows from ACPI; if necessary, use "pci=nocrs" and report a bug
[    0.046734] ACPI: Enabled 2 GPEs in block 00 to 07
[    0.051154] ACPI: PCI Root Bridge [PCI0] (domain 0000 [bus 00-ff])
[    0.051515] acpi PNP0A03:00: _OSC: OS supports [ASPM ClockPM Segments MSI]
[    0.051897] acpi PNP0A03:00: _OSC: not requesting OS control; OS requires [ExtendedConfig ASPM ClockPM MSI]
[    0.052048] acpi PNP0A03:00: fail to add MMCONFIG information, can't access extended PCI configuration space under this bridge.
[    0.053081] PCI host bridge to bus 0000:00
[    0.053385] pci_bus 0000:00: root bus resource [io  0x0000-0x0cf7 window]
[    0.053753] pci_bus 0000:00: root bus resource [io  0x0d00-0xffff window]
[    0.054000] pci_bus 0000:00: root bus resource [mem 0x000a0000-0x000bffff window]
[    0.054411] pci_bus 0000:00: root bus resource [mem 0x40000000-0xfdffffff window]
[    0.054853] pci_bus 0000:00: root bus resource [bus 00-ff]
[    0.055043] pci 0000:00:00.0: [8086:1237] type 00 class 0x060000
[    0.055583] pci 0000:00:01.0: [8086:7000] type 00 class 0x060100
[    0.056561] pci 0000:00:01.1: [8086:7111] type 00 class 0x01018a
[    0.056983] pci 0000:00:01.1: reg 0x20: [io  0xd000-0xd00f]
[    0.057146] pci 0000:00:01.1: legacy IDE quirk: reg 0x10: [io  0x01f0-0x01f7]
[    0.057535] pci 0000:00:01.1: legacy IDE quirk: reg 0x14: [io  0x03f6]
[    0.057881] pci 0000:00:01.1: legacy IDE quirk: reg 0x18: [io  0x0170-0x0177]
[    0.058000] pci 0000:00:01.1: legacy IDE quirk: reg 0x1c: [io  0x0376]
[    0.058626] pci 0000:00:02.0: [80ee:beef] type 00 class 0x030000
[    0.060219] pci 0000:00:02.0: reg 0x10: [mem 0xe0000000-0xe0ffffff pref]
[    0.065257] pci 0000:00:03.0: [8086:100e] type 00 class 0x020000
[    0.065750] pci 0000:00:03.0: reg 0x10: [mem 0xf0000000-0xf001ffff]
[    0.066450] pci 0000:00:03.0: reg 0x18: [io  0xd010-0xd017]
[    0.068449] pci 0000:00:04.0: [80ee:cafe] type 00 class 0x088000
[    0.068938] pci 0000:00:04.0: reg 0x10: [io  0xd020-0xd03f]
[    0.069092] pci 0000:00:04.0: reg 0x14: [mem 0xf0400000-0xf07fffff]
[    0.069441] pci 0000:00:04.0: reg 0x18: [mem 0xf0800000-0xf0803fff pref]
[    0.071304] pci 0000:00:05.0: [8086:2415] type 00 class 0x040100
[    0.071425] pci 0000:00:05.0: reg 0x10: [io  0xd100-0xd1ff]
[    0.071489] pci 0000:00:05.0: reg 0x14: [io  0xd200-0xd23f]
[    0.072038] pci 0000:00:06.0: [106b:003f] type 00 class 0x0c0310
[    0.072452] pci 0000:00:06.0: reg 0x10: [mem 0xf0804000-0xf0804fff]
[    0.075226] pci 0000:00:07.0: [8086:7113] type 00 class 0x068000
[    0.075619] pci 0000:00:07.0: quirk: [io  0x4000-0x403f] claimed by PIIX4 ACPI
[    0.076012] pci 0000:00:07.0: quirk: [io  0x4100-0x410f] claimed by PIIX4 SMB
[    0.076655] pci 0000:00:0d.0: [8086:2829] type 00 class 0x010601
[    0.077124] pci 0000:00:0d.0: reg 0x10: [io  0xd240-0xd247]
[    0.077557] pci 0000:00:0d.0: reg 0x14: [io  0xd248-0xd24b]
[    0.078031] pci 0000:00:0d.0: reg 0x18: [io  0xd250-0xd257]
[    0.078462] pci 0000:00:0d.0: reg 0x1c: [io  0xd258-0xd25b]
[    0.078909] pci 0000:00:0d.0: reg 0x20: [io  0xd260-0xd26f]
[    0.079109] pci 0000:00:0d.0: reg 0x24: [mem 0xf0806000-0xf0807fff]
[    0.081000] ACPI: PCI Interrupt Link [LNKA] (IRQs 5 9 10 *11)
[    0.081425] ACPI: PCI Interrupt Link [LNKB] (IRQs 5 9 *10 11)
[    0.081853] ACPI: PCI Interrupt Link [LNKC] (IRQs 5 *9 10 11)
[    0.082096] ACPI: PCI Interrupt Link [LNKD] (IRQs 5 9 10 *11)
[    0.082605] pci 0000:00:02.0: vgaarb: setting as boot VGA device
[    0.083000] pci 0000:00:02.0: vgaarb: VGA device added: decodes=io+mem,owns=io+mem,locks=none
[    0.083006] pci 0000:00:02.0: vgaarb: bridge control possible
[    0.083349] vgaarb: loaded
[    0.083698] SCSI subsystem initialized
[    0.084054] libata version 3.00 loaded.
[    0.084080] ACPI: bus type USB registered
[    0.084400] usbcore: registered new interface driver usbfs
[    0.084741] usbcore: registered new interface driver hub
[    0.085013] usbcore: registered new device driver usb
[    0.085371] pps_core: LinuxPPS API ver. 1 registered
[    0.085690] pps_core: Software ver. 5.3.6 - Copyright 2005-2007 Rodolfo Giometti <giometti@linux.it>
[    0.086014] PTP clock support registered
[    0.087039] EDAC MC: Ver: 3.0.0
[    0.087538] Advanced Linux Sound Architecture Driver Initialized.
[    0.087880] PCI: Using ACPI for IRQ routing
[    0.088000] PCI: pci_cache_line_size set to 64 bytes
[    0.088083] e820: reserve RAM buffer [mem 0x0009fc00-0x0009ffff]
[    0.088087] e820: reserve RAM buffer [mem 0x3fff0000-0x3fffffff]
[    0.088167] NetLabel: Initializing
[    0.088438] NetLabel:  domain hash size = 128
[    0.088724] NetLabel:  protocols = UNLABELED CIPSOv4 CALIPSO
[    0.089000] NetLabel:  unlabeled traffic allowed by default
[    0.089344] clocksource: Switched to clocksource refined-jiffies
[    0.095929] VFS: Disk quotas dquot_6.6.0
[    0.096014] VFS: Dquot-cache hash table entries: 512 (order 0, 4096 bytes)
[    0.097213] pnp: PnP ACPI init
[    0.097557] pnp 00:00: Plug and Play ACPI device, IDs PNP0303 (active)
[    0.097612] pnp 00:01: Plug and Play ACPI device, IDs PNP0f03 (active)
[    0.098326] pnp: PnP ACPI: found 2 devices
[    0.104484] clocksource: acpi_pm: mask: 0xffffff max_cycles: 0xffffff, max_idle_ns: 2085701024 ns
[    0.104991] clocksource: Switched to clocksource acpi_pm
[    0.104991] pci_bus 0000:00: resource 4 [io  0x0000-0x0cf7 window]
[    0.104991] pci_bus 0000:00: resource 5 [io  0x0d00-0xffff window]
[    0.104991] pci_bus 0000:00: resource 6 [mem 0x000a0000-0x000bffff window]
[    0.104991] pci_bus 0000:00: resource 7 [mem 0x40000000-0xfdffffff window]
[    0.104991] NET: Registered protocol family 2
[    0.104991] TCP established hash table entries: 8192 (order: 4, 65536 bytes)
[    0.105698] TCP bind hash table entries: 8192 (order: 5, 131072 bytes)
[    0.106108] TCP: Hash tables configured (established 8192 bind 8192)
[    0.106493] UDP hash table entries: 512 (order: 2, 16384 bytes)
[    0.106842] UDP-Lite hash table entries: 512 (order: 2, 16384 bytes)
[    0.107078] NET: Registered protocol family 1
[    0.107433] RPC: Registered named UNIX socket transport module.
[    0.107797] RPC: Registered udp transport module.
[    0.108071] RPC: Registered tcp transport module.
[    0.108358] RPC: Registered tcp NFSv4.1 backchannel transport module.
[    0.108793] pci 0000:00:00.0: Limiting direct PCI/PCI transfers
[    0.109085] pci 0000:00:01.0: Activating ISA DMA hang workarounds
[    0.109480] pci 0000:00:02.0: Video device with shadowed ROM at [mem 0x000c0000-0x000dffff]
[    0.110759] PCI: CLS 0 bytes, default 64
[    0.110832] RAPL PMU: API unit is 2^-32 Joules, 3 fixed counters, 10737418240 ms ovfl timer
[    0.111072] RAPL PMU: hw unit of domain pp0-core 2^-0 Joules
[    0.111239] RAPL PMU: hw unit of domain package 2^-0 Joules
[    0.111553] RAPL PMU: hw unit of domain pp1-gpu 2^-0 Joules
[    0.112060] platform rtc_cmos: registered platform RTC device (no PNP device found)
[    0.112548] Scanning for low memory corruption every 60 seconds
[    0.113028] Initialise system trusted keyrings
[    0.114065] workingset: timestamp_bits=56 max_order=18 bucket_order=0
[    0.115244] NFS: Registering the id_resolver key type
[    0.115553] Key type id_resolver registered
[    0.115829] Key type id_legacy registered
[    0.116132] SELinux:  Registering netfilter hooks
[    0.116293] cryptomgr_test (29) used greatest stack depth: 15544 bytes left
[    0.116675] cryptomgr_test (31) used greatest stack depth: 15360 bytes left
[    0.117486] Key type asymmetric registered
[    0.117766] Asymmetric key parser 'x509' registered
[    0.118324] Block layer SCSI generic (bsg) driver version 0.4 loaded (major 250)
[    0.118747] io scheduler noop registered
[    0.119043] io scheduler deadline registered
[    0.119379] io scheduler cfq registered (default)
[    0.119696] io scheduler mq-deadline registered
[    0.120005] io scheduler kyber registered
[    0.120770] ACPI: AC Adapter [AC] (on-line)
[    0.121134] input: Power Button as /devices/LNXSYSTM:00/LNXPWRBN:00/input/input0
[    0.121707] ACPI: Power Button [PWRF]
[    0.122136] input: Sleep Button as /devices/LNXSYSTM:00/LNXSLPBN:00/input/input1
[    0.122593] ACPI: Sleep Button [SLPF]
[    0.122960] ACPI: Video Device [GFX0] (multi-head: yes  rom: no  post: no)
[    0.123400] input: Video Bus as /devices/LNXSYSTM:00/LNXSYBUS:00/PNP0A03:00/LNXVIDEO:00/input/input2
[    0.124026] Serial: 8250/16550 driver, 4 ports, IRQ sharing enabled
[    0.124598] Non-volatile memory driver v1.3
[    0.124926] Linux agpgart interface v0.103
[    0.126179] loop: module loaded
[    0.126535] ahci 0000:00:0d.0: version 3.0
[    0.126997] ahci 0000:00:0d.0: SSS flag set, parallel bus scan disabled
[    0.127495] ahci 0000:00:0d.0: AHCI 0001.0100 32 slots 1 ports 3 Gbps 0x1 impl SATA mode
[    0.127962] ahci 0000:00:0d.0: flags: 64bit ncq stag only ccc 
[    0.128767] scsi host0: ahci
[    0.129102] ata1: SATA max UDMA/133 abar m8192@0xf0806000 port 0xf0806100 irq 21
[    0.129623] ata_piix 0000:00:01.1: version 2.13
[    0.129893] scsi host1: ata_piix
[    0.130105] scsi host2: ata_piix
[    0.130406] ata2: PATA max UDMA/33 cmd 0x1f0 ctl 0x3f6 bmdma 0xd000 irq 14
[    0.130711] ata3: PATA max UDMA/33 cmd 0x170 ctl 0x376 bmdma 0xd008 irq 15
[    0.131110] e100: Intel(R) PRO/100 Network Driver, 3.5.24-k2-NAPI
[    0.131435] e100: Copyright(c) 1999-2006 Intel Corporation
[    0.131748] e1000: Intel(R) PRO/1000 Network Driver - version 7.3.21-k8-NAPI
[    0.132086] e1000: Copyright (c) 1999-2006 Intel Corporation.
[    0.289193] ata3.00: ATAPI: VBOX CD-ROM, 1.0, max UDMA/133
[    0.289896] ata3.00: configured for UDMA/33
[    0.443259] ata1: SATA link up 3.0 Gbps (SStatus 123 SControl 300)
[    0.443815] ata1.00: ATA-6: VBOX HARDDISK, 1.0, max UDMA/133
[    0.444074] ata1.00: 102400000 sectors, multi 128: LBA48 NCQ (depth 31/32)
[    0.449099] ata1.00: configured for UDMA/133
[    0.449511] scsi 0:0:0:0: Direct-Access     ATA      VBOX HARDDISK    1.0  PQ: 0 ANSI: 5
[    0.450172] sd 0:0:0:0: Attached scsi generic sg0 type 0
[    0.450806] scsi 2:0:0:0: CD-ROM            VBOX     CD-ROM           1.0  PQ: 0 ANSI: 5
[    0.451975] sd 0:0:0:0: [sda] 102400000 512-byte logical blocks: (52.4 GB/48.8 GiB)
[    0.452715] sd 0:0:0:0: [sda] Write Protect is off
[    0.453082] sd 0:0:0:0: [sda] Mode Sense: 00 3a 00 00
[    0.453277] sd 0:0:0:0: [sda] Write cache: enabled, read cache: enabled, doesn't support DPO or FUA
[    0.458469]  sda: sda1 sda2 sda3
[    0.458970] sd 0:0:0:0: [sda] Attached SCSI disk
[    0.464555] sr 2:0:0:0: [sr0] scsi3-mmc drive: 32x/32x xa/form2 tray
[    0.464931] cdrom: Uniform CD-ROM driver Revision: 3.20
[    0.465436] sr 2:0:0:0: Attached scsi CD-ROM sr0
[    0.465696] sr 2:0:0:0: Attached scsi generic sg1 type 5
[    0.492717] e1000 0000:00:03.0 eth0: (PCI:33MHz:32-bit) 08:00:27:94:69:7d
[    0.493110] e1000 0000:00:03.0 eth0: Intel(R) PRO/1000 Network Connection
[    0.493528] e1000e: Intel(R) PRO/1000 Network Driver - 3.2.6-k
[    0.493900] e1000e: Copyright(c) 1999 - 2015 Intel Corporation.
[    0.494077] sky2: driver version 1.30
[    0.494351] ehci_hcd: USB 2.0 'Enhanced' Host Controller (EHCI) Driver
[    0.494718] ehci-pci: EHCI PCI platform driver
[    0.495791] ohci_hcd: USB 1.1 'Open' Host Controller (OHCI) Driver
[    0.496094] ohci-pci: OHCI PCI platform driver
[    0.496827] ohci-pci 0000:00:06.0: OHCI PCI host controller
[    0.497096] ohci-pci 0000:00:06.0: new USB bus registered, assigned bus number 1
[    0.497600] ohci-pci 0000:00:06.0: irq 22, io mem 0xf0804000
[    0.550477] usb usb1: New USB device found, idVendor=1d6b, idProduct=0001
[    0.550869] usb usb1: New USB device strings: Mfr=3, Product=2, SerialNumber=1
[    0.551917] usb usb1: Product: OHCI PCI host controller
[    0.552076] usb usb1: Manufacturer: Linux 4.15.0-thor_kernel-00079-gef7f8cec80a0-dirty ohci_hcd
[    0.552426] usb usb1: SerialNumber: 0000:00:06.0
[    0.552843] hub 1-0:1.0: USB hub found
[    0.553556] hub 1-0:1.0: 12 ports detected
[    0.554247] uhci_hcd: USB Universal Host Controller Interface driver
[    0.554653] usbcore: registered new interface driver usblp
[    0.555099] usbcore: registered new interface driver usb-storage
[    0.555590] i8042: PNP: PS/2 Controller [PNP0303:PS2K,PNP0f03:PS2M] at 0x60,0x64 irq 1,12
[    0.556573] serio: i8042 KBD port at 0x60,0x64 irq 1
[    0.556919] serio: i8042 AUX port at 0x60,0x64 irq 12
[    0.557267] mousedev: PS/2 mouse device common for all mice
[    0.557876] input: AT Translated Set 2 keyboard as /devices/platform/i8042/serio0/input/input3
[    0.559914] rtc_cmos rtc_cmos: rtc core: registered rtc_cmos as rtc0
[    0.560407] rtc_cmos rtc_cmos: alarms up to one day, 114 bytes nvram
[    0.560867] device-mapper: ioctl: 4.37.0-ioctl (2017-09-20) initialised: dm-devel@redhat.com
[    0.561078] hidraw: raw HID events driver (C) Jiri Kosina
[    0.561293] usbcore: registered new interface driver usbhid
[    0.561645] usbhid: USB HID core driver
[    0.562243] Netfilter messages via NETLINK v0.30.
[    0.562617] nf_conntrack version 0.5.0 (8192 buckets, 32768 max)
[    0.563005] ctnetlink v0.93: registering with nfnetlink.
[    0.563420] ip_tables: (C) 2000-2006 Netfilter Core Team
[    0.563801] Initializing XFRM netlink socket
[    0.564155] NET: Registered protocol family 10
[    0.564572] kworker/u2:2 (66) used greatest stack depth: 14888 bytes left
[    0.565141] Segment Routing with IPv6
[    0.565470] ip6_tables: (C) 2000-2006 Netfilter Core Team
[    0.565860] sit: IPv6, IPv4 and MPLS over IPv4 tunneling driver
[    0.566026] NET: Registered protocol family 17
[    0.567309] Key type dns_resolver registered
[    0.567738] sched_clock: Marking stable (567130883, 0)->(662570648, -95439765)
[    0.568201] registered taskstats version 1
[    0.568519] Loading compiled-in X.509 certificates
[    0.569120]   Magic number: 2:660:28
[    0.569452] console [netcon0] enabled
[    0.569752] netconsole: network logging started
[    0.570113] cfg80211: Loading compiled-in X.509 certificates for regulatory database
[    0.570890] cfg80211: Loaded X.509 cert 'sforshee: 00b28ddf47aef9cea7'
[    0.571204] ALSA device list:
[    0.571346]   No soundcards found.
[    0.571668] platform regulatory.0: Direct firmware load for regulatory.db failed with error -2
[    0.572095] cfg80211: failed to load regulatory.db
[    0.762496] input: ImExPS/2 Generic Explorer Mouse as /devices/platform/i8042/serio1/input/input5
[    0.763206] md: Waiting for all devices to be available before autodetect
[    0.763611] md: If you don't use raid, use raid=noautodetect
[    0.764066] md: Autodetecting RAID arrays.
[    0.764435] md: autorun ...
[    0.764711] md: ... autorun DONE.
[    0.767131] EXT4-fs (sda2): couldn't mount as ext3 due to feature incompatibilities
[    0.769335] EXT4-fs (sda2): couldn't mount as ext2 due to feature incompatibilities
[    0.894649] EXT4-fs (sda2): mounted filesystem with ordered data mode. Opts: (null)
[    0.895177] VFS: Mounted root (ext4 filesystem) readonly on device 8:2.
[    0.927882] devtmpfs: mounted
[    0.929557] Freeing unused kernel memory: 1204K
[    0.929564] Write protecting the kernel read-only data: 18432k
[    0.930044] Freeing unused kernel memory: 2004K
[    0.932032] Freeing unused kernel memory: 1088K
[    0.938065] usb 1-1: new full-speed USB device number 2 using ohci-pci
[    1.120110] tsc: Refined TSC clocksource calibration: 2893.405 MHz
[    1.120481] clocksource: tsc: mask: 0xffffffffffffffff max_cycles: 0x29b4ed413d6, max_idle_ns: 440795299084 ns
[    1.169727] usb 1-1: New USB device found, idVendor=80ee, idProduct=0021
[    1.170180] usb 1-1: New USB device strings: Mfr=1, Product=3, SerialNumber=0
[    1.170582] usb 1-1: Product: USB Tablet
[    1.170973] usb 1-1: Manufacturer: VirtualBox
[    1.181543] input: VirtualBox USB Tablet as /devices/pci0000:00/0000:00:06.0/usb1/1-1/1-1:1.0/0003:80EE:0021.0001/input/input6
[    1.182201] hid-generic 0003:80EE:0021.0001: input,hidraw0: USB HID v1.10 Mouse [VirtualBox USB Tablet] on usb-0000:00:06.0-1/input0
[    1.249554] stty (79) used greatest stack depth: 14008 bytes left
[    1.311488] ls (82) used greatest stack depth: 13992 bytes left
[    1.608564] mount (87) used greatest stack depth: 13528 bytes left
[    1.852453] ip (138) used greatest stack depth: 13248 bytes left
[    2.096006] udevd[168]: starting version 3.2
[    2.128132] clocksource: Switched to clocksource tsc
[    2.185240] udevd[170]: starting eudev-3.2
[    2.286588] random: crng init done
[    2.534373] e1000 0000:00:03.0 enp0s3: renamed from eth0
[    3.792289] Adding 2047996k swap on /dev/sda3.  Priority:1 extents:1 across:2047996k 
[    3.810155] EXT4-fs (sda2): re-mounted. Opts: (null)
[    3.912485] EXT4-fs (sda2): re-mounted. Opts: (null)
[    3.933583] EXT4-fs (sda1): mounting ext2 file system using the ext4 subsystem
[    3.966164] EXT4-fs (sda1): warning: mounting unchecked fs, running e2fsck is recommended
[    3.968959] EXT4-fs (sda1): mounted filesystem without journal. Opts: (null)
[    4.871592] IPv6: ADDRCONF(NETDEV_UP): enp0s3: link is not ready
[    4.872729] e1000: enp0s3 NIC Link is Up 1000 Mbps Full Duplex, Flow Control: RX
[    4.873443] IPv6: ADDRCONF(NETDEV_CHANGE): enp0s3: link becomes ready
