[    0.000000] Linux version 4.15.0-rc7-00079-gef7f8cec80a0 (root@chuang) (gcc version 6.2.0 (GCC)) #1 SMP Mon Jan 15 14:41:56 CET 2018
[    0.000000] Command line: BOOT_IMAGE=/vmlinuz-littlepenguin2 root=/dev/sda2 ro
[    0.000000] x86/fpu: Supporting XSAVE feature 0x001: 'x87 floating point registers'
[    0.000000] x86/fpu: Supporting XSAVE feature 0x002: 'SSE registers'
[    0.000000] x86/fpu: Supporting XSAVE feature 0x004: 'AVX registers'
[    0.000000] x86/fpu: xstate_offset[2]:  576, xstate_sizes[2]:  256
[    0.000000] x86/fpu: Enabled xstate features 0x7, context size is 832 bytes, using 'standard' format.
[    0.000000] e820: BIOS-provided physical RAM map:
[    0.000000] BIOS-e820: [mem 0x0000000000000000-0x000000000009fbff] usable
[    0.000000] BIOS-e820: [mem 0x000000000009fc00-0x000000000009ffff] reserved
[    0.000000] BIOS-e820: [mem 0x00000000000f0000-0x00000000000fffff] reserved
[    0.000000] BIOS-e820: [mem 0x0000000000100000-0x000000003ffeffff] usable
[    0.000000] BIOS-e820: [mem 0x000000003fff0000-0x000000003fffffff] ACPI data
[    0.000000] BIOS-e820: [mem 0x00000000fec00000-0x00000000fec00fff] reserved
[    0.000000] BIOS-e820: [mem 0x00000000fee00000-0x00000000fee00fff] reserved
[    0.000000] BIOS-e820: [mem 0x00000000fffc0000-0x00000000ffffffff] reserved
[    0.000000] NX (Execute Disable) protection: active
[    0.000000] random: fast init done
[    0.000000] SMBIOS 2.5 present.
[    0.000000] DMI: innotek GmbH VirtualBox/VirtualBox, BIOS VirtualBox 12/01/2006
[    0.000000] e820: update [mem 0x00000000-0x00000fff] usable ==> reserved
[    0.000000] e820: remove [mem 0x000a0000-0x000fffff] usable
[    0.000000] e820: last_pfn = 0x3fff0 max_arch_pfn = 0x400000000
[    0.000000] MTRR default type: uncachable
[    0.000000] MTRR variable ranges disabled:
[    0.000000] MTRR: Disabled
[    0.000000] x86/PAT: MTRRs disabled, skipping PAT initialization too.
[    0.000000] CPU MTRRs all blank - virtualized system.
[    0.000000] x86/PAT: Configuration [0-7]: WB  WT  UC- UC  WB  WT  UC- UC  
[    0.000000] found SMP MP-table at [mem 0x0009fff0-0x0009ffff] mapped at [        (ptrval)]
[    0.000000] Scanning 1 areas for low memory corruption
[    0.000000] Base memory trampoline at [        (ptrval)] 99000 size 24576
[    0.000000] BRK [0x02916000, 0x02916fff] PGTABLE
[    0.000000] BRK [0x02917000, 0x02917fff] PGTABLE
[    0.000000] BRK [0x02918000, 0x02918fff] PGTABLE
[    0.000000] BRK [0x02919000, 0x02919fff] PGTABLE
[    0.000000] ACPI: Early table checksum verification disabled
[    0.000000] ACPI: RSDP 0x00000000000E0000 000024 (v02 VBOX  )
[    0.000000] ACPI: XSDT 0x000000003FFF0030 00003C (v01 VBOX   VBOXXSDT 00000001 ASL  00000061)
[    0.000000] ACPI: FACP 0x000000003FFF00F0 0000F4 (v04 VBOX   VBOXFACP 00000001 ASL  00000061)
[    0.000000] ACPI: DSDT 0x000000003FFF0470 0021FF (v02 VBOX   VBOXBIOS 00000002 INTL 20100528)
[    0.000000] ACPI: FACS 0x000000003FFF0200 000040
[    0.000000] ACPI: FACS 0x000000003FFF0200 000040
[    0.000000] ACPI: APIC 0x000000003FFF0240 000054 (v02 VBOX   VBOXAPIC 00000001 ASL  00000061)
[    0.000000] ACPI: SSDT 0x000000003FFF02A0 0001CC (v01 VBOX   VBOXCPUT 00000002 INTL 20100528)
[    0.000000] ACPI: Local APIC address 0xfee00000
[    0.000000] No NUMA configuration found
[    0.000000] Faking a node at [mem 0x0000000000000000-0x000000003ffeffff]
[    0.000000] NODE_DATA(0) allocated [mem 0x3ffec000-0x3ffeffff]
[    0.000000] tsc: Fast TSC calibration failed
[    0.000000] tsc: Unable to calibrate against PIT
[    0.000000] tsc: No reference (HPET/PMTIMER) available
[    0.000000] Zone ranges:
[    0.000000]   DMA      [mem 0x0000000000001000-0x0000000000ffffff]
[    0.000000]   DMA32    [mem 0x0000000001000000-0x000000003ffeffff]
[    0.000000]   Normal   empty
[    0.000000] Movable zone start for each node
[    0.000000] Early memory node ranges
[    0.000000]   node   0: [mem 0x0000000000001000-0x000000000009efff]
[    0.000000]   node   0: [mem 0x0000000000100000-0x000000003ffeffff]
[    0.000000] Initmem setup node 0 [mem 0x0000000000001000-0x000000003ffeffff]
[    0.000000] On node 0 totalpages: 262030
[    0.000000]   DMA zone: 64 pages used for memmap
[    0.000000]   DMA zone: 21 pages reserved
[    0.000000]   DMA zone: 3998 pages, LIFO batch:0
[    0.000000]   DMA32 zone: 4032 pages used for memmap
[    0.000000]   DMA32 zone: 258032 pages, LIFO batch:31
[    0.000000] Reserved but unavailable: 98 pages
[    0.000000] ACPI: PM-Timer IO Port: 0x4008
[    0.000000] ACPI: Local APIC address 0xfee00000
[    0.000000] IOAPIC[0]: apic_id 1, version 32, address 0xfec00000, GSI 0-23
[    0.000000] ACPI: INT_SRC_OVR (bus 0 bus_irq 0 global_irq 2 dfl dfl)
[    0.000000] ACPI: INT_SRC_OVR (bus 0 bus_irq 9 global_irq 9 low level)
[    0.000000] ACPI: IRQ0 used by override.
[    0.000000] ACPI: IRQ9 used by override.
[    0.000000] Using ACPI (MADT) for SMP configuration information
[    0.000000] smpboot: Allowing 1 CPUs, 0 hotplug CPUs
[    0.000000] PM: Registered nosave memory: [mem 0x00000000-0x00000fff]
[    0.000000] PM: Registered nosave memory: [mem 0x0009f000-0x0009ffff]
[    0.000000] PM: Registered nosave memory: [mem 0x000a0000-0x000effff]
[    0.000000] PM: Registered nosave memory: [mem 0x000f0000-0x000fffff]
[    0.000000] e820: [mem 0x40000000-0xfebfffff] available for PCI devices
[    0.000000] clocksource: refined-jiffies: mask: 0xffffffff max_cycles: 0xffffffff, max_idle_ns: 1910969940391419 ns
[    0.000000] setup_percpu: NR_CPUS:64 nr_cpumask_bits:64 nr_cpu_ids:1 nr_node_ids:1
[    0.000000] percpu: Embedded 43 pages/cpu @        (ptrval) s137368 r8192 d30568 u2097152
[    0.000000] pcpu-alloc: s137368 r8192 d30568 u2097152 alloc=1*2097152
[    0.000000] pcpu-alloc: [0] 0 
[    0.000000] Built 1 zonelists, mobility grouping on.  Total pages: 257913
[    0.000000] Policy zone: DMA32
[    0.000000] Kernel command line: BOOT_IMAGE=/vmlinuz-littlepenguin2 root=/dev/sda2 ro
[    0.000000] Calgary: detecting Calgary via BIOS EBDA area
[    0.000000] Calgary: Unable to locate Rio Grande table in EBDA - bailing!
[    0.000000] Memory: 1005696K/1048120K available (12300K kernel code, 1265K rwdata, 3008K rodata, 1204K init, 664K bss, 42424K reserved, 0K cma-reserved)
[    0.000000] SLUB: HWalign=64, Order=0-3, MinObjects=0, CPUs=1, Nodes=1
[    0.000000] Kernel/User page tables isolation: enabled
[    0.000000] Hierarchical RCU implementation.
[    0.000000] 	RCU restricting CPUs from NR_CPUS=64 to nr_cpu_ids=1.
[    0.000000] RCU: Adjusting geometry for rcu_fanout_leaf=16, nr_cpu_ids=1
[    0.000000] NR_IRQS: 4352, nr_irqs: 256, preallocated irqs: 16
[    0.000000] Console: colour VGA+ 80x25
[    0.000000] console [tty0] enabled
[    0.000000] ACPI: Core revision 20170831
[    0.000000] ACPI: 2 ACPI AML tables successfully acquired and loaded
[    0.000000] APIC: Switch to symmetric I/O mode setup
[    0.000000] ..TIMER: vector=0x30 apic1=0 pin1=2 apic2=-1 pin2=-1
[    0.009000] tsc: Unable to calibrate against PIT
[    0.010000] tsc: using PMTIMER reference calibration
[    0.010000] tsc: Detected 2893.387 MHz processor
[    0.010000] Calibrating delay loop (skipped), value calculated using timer frequency.. 5786.77 BogoMIPS (lpj=2893387)
[    0.011009] pid_max: default: 32768 minimum: 301
[    0.011393] Security Framework initialized
[    0.012004] SELinux:  Initializing.
[    0.012505] SELinux:  Starting in permissive mode
[    0.012647] Dentry cache hash table entries: 131072 (order: 8, 1048576 bytes)
[    0.014387] Inode-cache hash table entries: 65536 (order: 7, 524288 bytes)
[    0.015011] Mount-cache hash table entries: 2048 (order: 2, 16384 bytes)
[    0.015412] Mountpoint-cache hash table entries: 2048 (order: 2, 16384 bytes)
[    0.016165] CPU: Physical Processor ID: 0
[    0.016515] mce: CPU supports 0 MCE banks
[    0.016853] process: using mwait in idle threads
[    0.017006] Last level iTLB entries: 4KB 512, 2MB 8, 4MB 8
[    0.017369] Last level dTLB entries: 4KB 512, 2MB 32, 4MB 32, 1GB 0
[    0.033766] Freeing SMP alternatives memory: 36K
[    0.035000] smpboot: CPU0: Intel(R) Core(TM) i5-3470S CPU @ 2.90GHz (family: 0x6, model: 0x3a, stepping: 0x9)
[    0.035000] Performance Events: unsupported p6 CPU model 58 no PMU driver, software events only.
[    0.035027] Hierarchical SRCU implementation.
[    0.035438] smp: Bringing up secondary CPUs ...
[    0.035763] smp: Brought up 1 node, 1 CPU
[    0.036000] smpboot: Max logical packages: 1
[    0.036276] smpboot: Total of 1 processors activated (5786.77 BogoMIPS)
[    0.036756] devtmpfs: initialized
[    0.037124] clocksource: jiffies: mask: 0xffffffff max_cycles: 0xffffffff, max_idle_ns: 1911260446275000 ns
[    0.037654] futex hash table entries: 256 (order: 2, 16384 bytes)
[    0.038042] RTC time:  8:58:20, date: 01/18/18
[    0.038432] NET: Registered protocol family 16
[    0.038810] audit: initializing netlink subsys (disabled)
[    0.040008] cpuidle: using governor menu
[    0.040370] ACPI: bus type PCI registered
[    0.040783] PCI: Using configuration type 1 for base access
[    0.042014] audit: type=2000 audit(1516265900.039:1): state=initialized audit_enabled=0 res=1
[    0.043715] HugeTLB registered 2.00 MiB page size, pre-allocated 0 pages
[    0.044111] ACPI: Added _OSI(Module Device)
[    0.044434] ACPI: Added _OSI(Processor Device)
[    0.045008] ACPI: Added _OSI(3.0 _SCP Extensions)
[    0.045424] ACPI: Added _OSI(Processor Aggregator Device)
[    0.046192] ACPI: Executed 1 blocks of module-level executable AML code
[    0.049000] ACPI: Interpreter enabled
[    0.049012] ACPI: (supports S0 S5)
[    0.049304] ACPI: Using IOAPIC for interrupt routing
[    0.049754] PCI: Using host bridge windows from ACPI; if necessary, use "pci=nocrs" and report a bug
[    0.050131] ACPI: Enabled 2 GPEs in block 00 to 07
[    0.054639] ACPI: PCI Root Bridge [PCI0] (domain 0000 [bus 00-ff])
[    0.055006] acpi PNP0A03:00: _OSC: OS supports [ASPM ClockPM Segments MSI]
[    0.055400] acpi PNP0A03:00: _OSC: not requesting OS control; OS requires [ExtendedConfig ASPM ClockPM MSI]
[    0.055956] acpi PNP0A03:00: fail to add MMCONFIG information, can't access extended PCI configuration space under this bridge.
[    0.056082] PCI host bridge to bus 0000:00
[    0.056395] pci_bus 0000:00: root bus resource [io  0x0000-0x0cf7 window]
[    0.057008] pci_bus 0000:00: root bus resource [io  0x0d00-0xffff window]
[    0.057476] pci_bus 0000:00: root bus resource [mem 0x000a0000-0x000bffff window]
[    0.058007] pci_bus 0000:00: root bus resource [mem 0x40000000-0xfdffffff window]
[    0.058631] pci_bus 0000:00: root bus resource [bus 00-ff]
[    0.059119] pci 0000:00:00.0: [8086:1237] type 00 class 0x060000
[    0.060646] pci 0000:00:01.0: [8086:7000] type 00 class 0x060100
[    0.061398] pci 0000:00:01.1: [8086:7111] type 00 class 0x01018a
[    0.061839] pci 0000:00:01.1: reg 0x20: [io  0xd000-0xd00f]
[    0.062031] pci 0000:00:01.1: legacy IDE quirk: reg 0x10: [io  0x01f0-0x01f7]
[    0.062448] pci 0000:00:01.1: legacy IDE quirk: reg 0x14: [io  0x03f6]
[    0.062824] pci 0000:00:01.1: legacy IDE quirk: reg 0x18: [io  0x0170-0x0177]
[    0.063000] pci 0000:00:01.1: legacy IDE quirk: reg 0x1c: [io  0x0376]
[    0.063483] pci 0000:00:02.0: [80ee:beef] type 00 class 0x030000
[    0.064409] pci 0000:00:02.0: reg 0x10: [mem 0xe0000000-0xe0ffffff pref]
[    0.069049] pci 0000:00:03.0: [8086:100e] type 00 class 0x020000
[    0.069885] pci 0000:00:03.0: reg 0x10: [mem 0xf0000000-0xf001ffff]
[    0.071137] pci 0000:00:03.0: reg 0x18: [io  0xd010-0xd017]
[    0.073552] pci 0000:00:04.0: [80ee:cafe] type 00 class 0x088000
[    0.074121] pci 0000:00:04.0: reg 0x10: [io  0xd020-0xd03f]
[    0.074840] pci 0000:00:04.0: reg 0x14: [mem 0xf0400000-0xf07fffff]
[    0.075532] pci 0000:00:04.0: reg 0x18: [mem 0xf0800000-0xf0803fff pref]
[    0.079153] pci 0000:00:05.0: [8086:2415] type 00 class 0x040100
[    0.079295] pci 0000:00:05.0: reg 0x10: [io  0xd100-0xd1ff]
[    0.079363] pci 0000:00:05.0: reg 0x14: [io  0xd200-0xd23f]
[    0.079933] pci 0000:00:06.0: [106b:003f] type 00 class 0x0c0310
[    0.080463] pci 0000:00:06.0: reg 0x10: [mem 0xf0804000-0xf0804fff]
[    0.082901] pci 0000:00:07.0: [8086:7113] type 00 class 0x068000
[    0.083500] pci 0000:00:07.0: quirk: [io  0x4000-0x403f] claimed by PIIX4 ACPI
[    0.084015] pci 0000:00:07.0: quirk: [io  0x4100-0x410f] claimed by PIIX4 SMB
[    0.085066] pci 0000:00:0d.0: [8086:2829] type 00 class 0x010601
[    0.085847] pci 0000:00:0d.0: reg 0x10: [io  0xd240-0xd247]
[    0.086413] pci 0000:00:0d.0: reg 0x14: [io  0xd248-0xd24b]
[    0.087364] pci 0000:00:0d.0: reg 0x18: [io  0xd250-0xd257]
[    0.088033] pci 0000:00:0d.0: reg 0x1c: [io  0xd258-0xd25b]
[    0.088594] pci 0000:00:0d.0: reg 0x20: [io  0xd260-0xd26f]
[    0.089110] pci 0000:00:0d.0: reg 0x24: [mem 0xf0806000-0xf0807fff]
[    0.091534] ACPI: PCI Interrupt Link [LNKA] (IRQs 5 9 10 *11)
[    0.092673] ACPI: PCI Interrupt Link [LNKB] (IRQs 5 9 *10 11)
[    0.093094] ACPI: PCI Interrupt Link [LNKC] (IRQs 5 *9 10 11)
[    0.093665] ACPI: PCI Interrupt Link [LNKD] (IRQs 5 9 10 *11)
[    0.095054] pci 0000:00:02.0: vgaarb: setting as boot VGA device
[    0.095448] pci 0000:00:02.0: vgaarb: VGA device added: decodes=io+mem,owns=io+mem,locks=none
[    0.095985] pci 0000:00:02.0: vgaarb: bridge control possible
[    0.096002] vgaarb: loaded
[    0.096348] SCSI subsystem initialized
[    0.097051] libata version 3.00 loaded.
[    0.097075] ACPI: bus type USB registered
[    0.097405] usbcore: registered new interface driver usbfs
[    0.097756] usbcore: registered new interface driver hub
[    0.098012] usbcore: registered new device driver usb
[    0.098361] pps_core: LinuxPPS API ver. 1 registered
[    0.098693] pps_core: Software ver. 5.3.6 - Copyright 2005-2007 Rodolfo Giometti <giometti@linux.it>
[    0.099000] PTP clock support registered
[    0.099205] EDAC MC: Ver: 3.0.0
[    0.099754] Advanced Linux Sound Architecture Driver Initialized.
[    0.100011] PCI: Using ACPI for IRQ routing
[    0.100326] PCI: pci_cache_line_size set to 64 bytes
[    0.100503] e820: reserve RAM buffer [mem 0x0009fc00-0x0009ffff]
[    0.100507] e820: reserve RAM buffer [mem 0x3fff0000-0x3fffffff]
[    0.100593] NetLabel: Initializing
[    0.101000] NetLabel:  domain hash size = 128
[    0.101220] NetLabel:  protocols = UNLABELED CIPSOv4 CALIPSO
[    0.101584] NetLabel:  unlabeled traffic allowed by default
[    0.103055] clocksource: Switched to clocksource refined-jiffies
[    0.117750] VFS: Disk quotas dquot_6.6.0
[    0.118051] VFS: Dquot-cache hash table entries: 512 (order 0, 4096 bytes)
[    0.120372] pnp: PnP ACPI init
[    0.121084] pnp 00:00: Plug and Play ACPI device, IDs PNP0303 (active)
[    0.121140] pnp 00:01: Plug and Play ACPI device, IDs PNP0f03 (active)
[    0.121729] pnp: PnP ACPI: found 2 devices
[    0.127912] clocksource: acpi_pm: mask: 0xffffff max_cycles: 0xffffff, max_idle_ns: 2085701024 ns
[    0.128015] clocksource: Switched to clocksource acpi_pm
[    0.128365] pci_bus 0000:00: resource 4 [io  0x0000-0x0cf7 window]
[    0.128366] pci_bus 0000:00: resource 5 [io  0x0d00-0xffff window]
[    0.128367] pci_bus 0000:00: resource 6 [mem 0x000a0000-0x000bffff window]
[    0.128368] pci_bus 0000:00: resource 7 [mem 0x40000000-0xfdffffff window]
[    0.128413] NET: Registered protocol family 2
[    0.128884] TCP established hash table entries: 8192 (order: 4, 65536 bytes)
[    0.129075] TCP bind hash table entries: 8192 (order: 5, 131072 bytes)
[    0.129323] TCP: Hash tables configured (established 8192 bind 8192)
[    0.129719] UDP hash table entries: 512 (order: 2, 16384 bytes)
[    0.130782] UDP-Lite hash table entries: 512 (order: 2, 16384 bytes)
[    0.131136] NET: Registered protocol family 1
[    0.131643] RPC: Registered named UNIX socket transport module.
[    0.132097] RPC: Registered udp transport module.
[    0.132422] RPC: Registered tcp transport module.
[    0.132993] RPC: Registered tcp NFSv4.1 backchannel transport module.
[    0.133541] pci 0000:00:00.0: Limiting direct PCI/PCI transfers
[    0.133952] pci 0000:00:01.0: Activating ISA DMA hang workarounds
[    0.134385] pci 0000:00:02.0: Video device with shadowed ROM at [mem 0x000c0000-0x000dffff]
[    0.135594] PCI: CLS 0 bytes, default 64
[    0.135679] RAPL PMU: API unit is 2^-32 Joules, 3 fixed counters, 10737418240 ms ovfl timer
[    0.136076] RAPL PMU: hw unit of domain pp0-core 2^-0 Joules
[    0.136342] RAPL PMU: hw unit of domain package 2^-0 Joules
[    0.136678] RAPL PMU: hw unit of domain pp1-gpu 2^-0 Joules
[    0.137113] platform rtc_cmos: registered platform RTC device (no PNP device found)
[    0.137662] Scanning for low memory corruption every 60 seconds
[    0.138351] Initialise system trusted keyrings
[    0.138718] workingset: timestamp_bits=56 max_order=18 bucket_order=0
[    0.142560] NFS: Registering the id_resolver key type
[    0.142912] Key type id_resolver registered
[    0.143429] Key type id_legacy registered
[    0.143847] SELinux:  Registering netfilter hooks
[    0.144076] cryptomgr_test (29) used greatest stack depth: 15544 bytes left
[    0.144520] cryptomgr_test (31) used greatest stack depth: 15360 bytes left
[    0.146439] Key type asymmetric registered
[    0.146755] Asymmetric key parser 'x509' registered
[    0.147127] Block layer SCSI generic (bsg) driver version 0.4 loaded (major 250)
[    0.147594] io scheduler noop registered
[    0.147939] io scheduler deadline registered
[    0.148301] io scheduler cfq registered (default)
[    0.148628] io scheduler mq-deadline registered
[    0.148972] io scheduler kyber registered
[    0.149524] ACPI: AC Adapter [AC] (on-line)
[    0.149936] input: Power Button as /devices/LNXSYSTM:00/LNXPWRBN:00/input/input0
[    0.150467] ACPI: Power Button [PWRF]
[    0.150828] input: Sleep Button as /devices/LNXSYSTM:00/LNXSLPBN:00/input/input1
[    0.151077] ACPI: Sleep Button [SLPF]
[    0.151299] ACPI: Video Device [GFX0] (multi-head: yes  rom: no  post: no)
[    0.151745] input: Video Bus as /devices/LNXSYSTM:00/LNXSYBUS:00/PNP0A03:00/LNXVIDEO:00/input/input2
[    0.152270] Serial: 8250/16550 driver, 4 ports, IRQ sharing enabled
[    0.152975] Non-volatile memory driver v1.3
[    0.153378] Linux agpgart interface v0.103
[    0.157282] loop: module loaded
[    0.157713] ahci 0000:00:0d.0: version 3.0
[    0.158273] ahci 0000:00:0d.0: SSS flag set, parallel bus scan disabled
[    0.158834] ahci 0000:00:0d.0: AHCI 0001.0100 32 slots 1 ports 3 Gbps 0x1 impl SATA mode
[    0.159085] ahci 0000:00:0d.0: flags: 64bit ncq stag only ccc 
[    0.162231] scsi host0: ahci
[    0.162601] ata1: SATA max UDMA/133 abar m8192@0xf0806000 port 0xf0806100 irq 21
[    0.163116] ata_piix 0000:00:01.1: version 2.13
[    0.163594] scsi host1: ata_piix
[    0.163967] scsi host2: ata_piix
[    0.164288] ata2: PATA max UDMA/33 cmd 0x1f0 ctl 0x3f6 bmdma 0xd000 irq 14
[    0.164700] ata3: PATA max UDMA/33 cmd 0x170 ctl 0x376 bmdma 0xd008 irq 15
[    0.165220] e100: Intel(R) PRO/100 Network Driver, 3.5.24-k2-NAPI
[    0.165589] e100: Copyright(c) 1999-2006 Intel Corporation
[    0.165940] e1000: Intel(R) PRO/1000 Network Driver - version 7.3.21-k8-NAPI
[    0.166595] e1000: Copyright (c) 1999-2006 Intel Corporation.
[    0.340600] ata3.00: ATAPI: VBOX CD-ROM, 1.0, max UDMA/133
[    0.342090] ata3.00: configured for UDMA/33
[    0.474849] ata1: SATA link up 3.0 Gbps (SStatus 123 SControl 300)
[    0.480282] ata1.00: ATA-6: VBOX HARDDISK, 1.0, max UDMA/133
[    0.480626] ata1.00: 102400000 sectors, multi 128: LBA48 NCQ (depth 31/32)
[    0.485442] ata1.00: configured for UDMA/133
[    0.485867] scsi 0:0:0:0: Direct-Access     ATA      VBOX HARDDISK    1.0  PQ: 0 ANSI: 5
[    0.486077] sd 0:0:0:0: Attached scsi generic sg0 type 0
[    0.486669] scsi 2:0:0:0: CD-ROM            VBOX     CD-ROM           1.0  PQ: 0 ANSI: 5
[    0.487912] sd 0:0:0:0: [sda] 102400000 512-byte logical blocks: (52.4 GB/48.8 GiB)
[    0.488106] sd 0:0:0:0: [sda] Write Protect is off
[    0.488426] sd 0:0:0:0: [sda] Mode Sense: 00 3a 00 00
[    0.488438] sd 0:0:0:0: [sda] Write cache: enabled, read cache: enabled, doesn't support DPO or FUA
[    0.494978]  sda: sda1 sda2 sda3
[    0.495509] sd 0:0:0:0: [sda] Attached SCSI disk
[    0.505011] sr 2:0:0:0: [sr0] scsi3-mmc drive: 32x/32x xa/form2 tray
[    0.505380] cdrom: Uniform CD-ROM driver Revision: 3.20
[    0.505772] sr 2:0:0:0: Attached scsi CD-ROM sr0
[    0.506050] sr 2:0:0:0: Attached scsi generic sg1 type 5
[    0.561392] e1000 0000:00:03.0 eth0: (PCI:33MHz:32-bit) 08:00:27:94:69:7d
[    0.561780] e1000 0000:00:03.0 eth0: Intel(R) PRO/1000 Network Connection
[    0.562783] e1000e: Intel(R) PRO/1000 Network Driver - 3.2.6-k
[    0.563093] e1000e: Copyright(c) 1999 - 2015 Intel Corporation.
[    0.563455] sky2: driver version 1.30
[    0.563810] ehci_hcd: USB 2.0 'Enhanced' Host Controller (EHCI) Driver
[    0.564068] ehci-pci: EHCI PCI platform driver
[    0.564347] ohci_hcd: USB 1.1 'Open' Host Controller (OHCI) Driver
[    0.564692] ohci-pci: OHCI PCI platform driver
[    0.565432] ohci-pci 0000:00:06.0: OHCI PCI host controller
[    0.565783] ohci-pci 0000:00:06.0: new USB bus registered, assigned bus number 1
[    0.566068] ohci-pci 0000:00:06.0: irq 22, io mem 0xf0804000
[    0.619353] usb usb1: New USB device found, idVendor=1d6b, idProduct=0001
[    0.619736] usb usb1: New USB device strings: Mfr=3, Product=2, SerialNumber=1
[    0.620496] usb usb1: Product: OHCI PCI host controller
[    0.620826] usb usb1: Manufacturer: Linux 4.15.0-rc7-00079-gef7f8cec80a0 ohci_hcd
[    0.621072] usb usb1: SerialNumber: 0000:00:06.0
[    0.621338] hub 1-0:1.0: USB hub found
[    0.621646] hub 1-0:1.0: 12 ports detected
[    0.622387] uhci_hcd: USB Universal Host Controller Interface driver
[    0.622766] usbcore: registered new interface driver usblp
[    0.623322] usbcore: registered new interface driver usb-storage
[    0.623740] i8042: PNP: PS/2 Controller [PNP0303:PS2K,PNP0f03:PS2M] at 0x60,0x64 irq 1,12
[    0.624595] serio: i8042 KBD port at 0x60,0x64 irq 1
[    0.625052] serio: i8042 AUX port at 0x60,0x64 irq 12
[    0.625612] mousedev: PS/2 mouse device common for all mice
[    0.626040] input: AT Translated Set 2 keyboard as /devices/platform/i8042/serio0/input/input3
[    0.628139] rtc_cmos rtc_cmos: rtc core: registered rtc_cmos as rtc0
[    0.628537] rtc_cmos rtc_cmos: alarms up to one day, 114 bytes nvram
[    0.628973] device-mapper: ioctl: 4.37.0-ioctl (2017-09-20) initialised: dm-devel@redhat.com
[    0.629554] hidraw: raw HID events driver (C) Jiri Kosina
[    0.629992] usbcore: registered new interface driver usbhid
[    0.630375] usbhid: USB HID core driver
[    0.630832] Netfilter messages via NETLINK v0.30.
[    0.631106] nf_conntrack version 0.5.0 (8192 buckets, 32768 max)
[    0.631480] ctnetlink v0.93: registering with nfnetlink.
[    0.631864] ip_tables: (C) 2000-2006 Netfilter Core Team
[    0.632072] Initializing XFRM netlink socket
[    0.632409] NET: Registered protocol family 10
[    0.632893] kworker/u2:2 (66) used greatest stack depth: 14888 bytes left
[    0.633464] Segment Routing with IPv6
[    0.633772] ip6_tables: (C) 2000-2006 Netfilter Core Team
[    0.634141] sit: IPv6, IPv4 and MPLS over IPv4 tunneling driver
[    0.634577] NET: Registered protocol family 17
[    0.634903] Key type dns_resolver registered
[    0.635091] sched_clock: Marking stable (635072937, 0)->(729887457, -94814520)
[    0.635674] registered taskstats version 1
[    0.635997] Loading compiled-in X.509 certificates
[    0.636666]   Magic number: 2:610:978
[    0.637033] console [netcon0] enabled
[    0.637323] netconsole: network logging started
[    0.637665] cfg80211: Loading compiled-in X.509 certificates for regulatory database
[    0.639171] cfg80211: Loaded X.509 cert 'sforshee: 00b28ddf47aef9cea7'
[    0.639540] ALSA device list:
[    0.639809]   No soundcards found.
[    0.640026] platform regulatory.0: Direct firmware load for regulatory.db failed with error -2
[    0.640527] cfg80211: failed to load regulatory.db
[    0.834436] input: ImExPS/2 Generic Explorer Mouse as /devices/platform/i8042/serio1/input/input5
[    0.835130] md: Waiting for all devices to be available before autodetect
[    0.835493] md: If you don't use raid, use raid=noautodetect
[    0.836102] md: Autodetecting RAID arrays.
[    0.836409] md: autorun ...
[    0.836699] md: ... autorun DONE.
[    0.839766] EXT4-fs (sda2): couldn't mount as ext3 due to feature incompatibilities
[    0.844452] EXT4-fs (sda2): couldn't mount as ext2 due to feature incompatibilities
[    0.851069] EXT4-fs (sda2): INFO: recovery required on readonly filesystem
[    0.851470] EXT4-fs (sda2): write access will be enabled during recovery
[    1.023047] usb 1-1: new full-speed USB device number 2 using ohci-pci
[    1.183972] tsc: Refined TSC clocksource calibration: 2893.406 MHz
[    1.184353] clocksource: tsc: mask: 0xffffffffffffffff max_cycles: 0x29b4ee1aabe, max_idle_ns: 440795265226 ns
[    1.258260] usb 1-1: New USB device found, idVendor=80ee, idProduct=0021
[    1.258700] usb 1-1: New USB device strings: Mfr=1, Product=3, SerialNumber=0
[    1.259077] usb 1-1: Product: USB Tablet
[    1.259341] usb 1-1: Manufacturer: VirtualBox
[    1.271062] input: VirtualBox USB Tablet as /devices/pci0000:00/0000:00:06.0/usb1/1-1/1-1:1.0/0003:80EE:0021.0001/input/input6
[    1.271534] hid-generic 0003:80EE:0021.0001: input,hidraw0: USB HID v1.10 Mouse [VirtualBox USB Tablet] on usb-0000:00:06.0-1/input0
[    1.330567] EXT4-fs (sda2): recovery complete
[    1.335238] EXT4-fs (sda2): mounted filesystem with ordered data mode. Opts: (null)
[    1.335744] VFS: Mounted root (ext4 filesystem) readonly on device 8:2.
[    1.451262] devtmpfs: mounted
[    1.452167] Freeing unused kernel memory: 1204K
[    1.452493] Write protecting the kernel read-only data: 18432k
[    1.453263] Freeing unused kernel memory: 2004K
[    1.455099] Freeing unused kernel memory: 1088K
[    2.193838] clocksource: Switched to clocksource tsc
[    2.333775] random: crng init done
[    2.540419] stty (80) used greatest stack depth: 14008 bytes left
[    2.878118] ls (83) used greatest stack depth: 13992 bytes left
[    3.182075] mount (88) used greatest stack depth: 13528 bytes left
[    3.883207] ip (139) used greatest stack depth: 13272 bytes left
[    4.176022] udevd[169]: starting version 3.2
[    4.369854] udevd[170]: starting eudev-3.2
[    4.714399] e1000 0000:00:03.0 enp0s3: renamed from eth0
[    5.856464] Adding 2047996k swap on /dev/sda3.  Priority:1 extents:1 across:2047996k 
[    5.875409] EXT4-fs (sda2): re-mounted. Opts: (null)
[    6.153840] EXT4-fs (sda2): re-mounted. Opts: (null)
[    6.184005] EXT4-fs (sda1): mounting ext2 file system using the ext4 subsystem
[    6.210314] EXT4-fs (sda1): warning: mounting unchecked fs, running e2fsck is recommended
[    6.213116] EXT4-fs (sda1): mounted filesystem without journal. Opts: (null)
[    7.326147] IPv6: ADDRCONF(NETDEV_UP): enp0s3: link is not ready
[    7.327452] e1000: enp0s3 NIC Link is Up 1000 Mbps Full Duplex, Flow Control: RX
[    7.328231] IPv6: ADDRCONF(NETDEV_CHANGE): enp0s3: link becomes ready
[ 1479.648095] kworker/dying (62) used greatest stack depth: 13192 bytes left
[ 2472.826444] hrtimer: interrupt took 5841597 ns
